// Jest Snapshot v1, https://goo.gl/fbAQLP

exports[`Component: Favorites renders without crashing 1`] = `ShallowWrapper {}`;
