// Jest Snapshot v1, https://goo.gl/fbAQLP

exports[`Component: ResultsPage renders without crashing 1`] = `ShallowWrapper {}`;
